
All have height/width ratio `1.7768`, so none needed regeneration.
tokens used
52,070
Done. All five images were generated with `image_gen`, saved in the current directory, and verified with PIL.

```text
02.png: 941x1672
03.png: 941x1672
04.png: 941x1672
05.png: 941x1672
06.png: 941x1672
```

All have height/width ratio `1.7768`, so none needed regeneration.
total 27656
drwxr-xr-x  8 camillehaidar  staff      256 Sep 18 11:42 .
drwxr-xr-x  7 camillehaidar  staff      224 Sep 18 11:38 ..
-rw-r--r--@ 1 camillehaidar  staff  2039845 Sep 18 02:55 01.png
-rw-r--r--@ 1 camillehaidar  staff  2495577 Sep 18 11:42 02.png
-rw-r--r--@ 1 camillehaidar  staff  2501747 Sep 18 11:42 03.png
-rw-r--r--@ 1 camillehaidar  staff  2506577 Sep 18 11:42 04.png
-rw-r--r--@ 1 camillehaidar  staff  2007743 Sep 18 11:42 05.png
-rw-r--r--@ 1 camillehaidar  staff  2593697 Sep 18 11:42 06.png
