tokens used
42,322
Done. All files are saved in the current directory and passed the PIL portrait ratio check.

```text
01.png: 941x1672
02.png: 941x1672
03.png: 941x1672
04.png: 941x1672
05.png: 941x1672
06.png: 941x1672
07.png: 941x1672
```

Each has height/width ratio `1.7768`, so none needed regeneration for the hard ratio requirement.
total 28880
drwxr-xr-x  9 camillehaidar  staff      288 Sep 21 12:28 .
drwxr-xr-x  7 camillehaidar  staff      224 Sep 21 12:22 ..
-rw-r--r--@ 1 camillehaidar  staff  1916432 Sep 21 12:28 01.png
-rw-r--r--@ 1 camillehaidar  staff  2283912 Sep 21 12:28 02.png
-rw-r--r--@ 1 camillehaidar  staff  2178003 Sep 21 12:28 03.png
-rw-r--r--@ 1 camillehaidar  staff  2368967 Sep 21 12:28 04.png
-rw-r--r--@ 1 camillehaidar  staff  2045624 Sep 21 12:28 05.png
-rw-r--r--@ 1 camillehaidar  staff  1950506 Sep 21 12:28 06.png
-rw-r--r--@ 1 camillehaidar  staff  2029211 Sep 21 12:28 07.png
ALLDONE
