05.png: 941x1672
06.png: 941x1672
```
tokens used
48,474
Done. Generated and saved all six images in the current directory, then verified with PIL that each is portrait with ratio above 1.6.

```text
01.png: 941x1672
02.png: 941x1672
03.png: 941x1672
04.png: 941x1672
05.png: 941x1672
06.png: 941x1672
```
total 26568
drwxr-xr-x  8 camillehaidar  staff      256 Sep 20 09:23 .
drwxr-xr-x  7 camillehaidar  staff      224 Sep 20 09:19 ..
-rw-r--r--@ 1 camillehaidar  staff  2507351 Sep 20 09:23 01.png
-rw-r--r--@ 1 camillehaidar  staff  2181254 Sep 20 09:23 02.png
-rw-r--r--@ 1 camillehaidar  staff  2173337 Sep 20 09:23 03.png
-rw-r--r--@ 1 camillehaidar  staff  2008849 Sep 20 09:23 04.png
-rw-r--r--@ 1 camillehaidar  staff  2775310 Sep 20 09:23 05.png
-rw-r--r--@ 1 camillehaidar  staff  1942377 Sep 20 09:23 06.png
