Each has a height/width ratio of `1.777`, so none needed regeneration for dimensions.
tokens used
37,513
Done. All six images are saved in the current directory and passed the PIL aspect-ratio check.

```text
01.png: 941x1672
02.png: 941x1672
03.png: 941x1672
04.png: 941x1672
05.png: 941x1672
06.png: 941x1672
```

Each has a height/width ratio of `1.777`, so none needed regeneration for dimensions.
total 24280
drwxr-xr-x  8 camillehaidar  staff      256 Sep 20 09:27 .
drwxr-xr-x  7 camillehaidar  staff      224 Sep 20 09:23 ..
-rw-r--r--@ 1 camillehaidar  staff  1700170 Sep 20 09:27 01.png
-rw-r--r--@ 1 camillehaidar  staff  1944278 Sep 20 09:27 02.png
-rw-r--r--@ 1 camillehaidar  staff  2328040 Sep 20 09:27 03.png
-rw-r--r--@ 1 camillehaidar  staff  2065238 Sep 20 09:27 04.png
-rw-r--r--@ 1 camillehaidar  staff  2349368 Sep 20 09:27 05.png
-rw-r--r--@ 1 camillehaidar  staff  2028232 Sep 20 09:27 06.png
ALLDONE
