- `06.png`: 941x1672

All height/width ratios are `1.777`, so they pass the `>= 1.6` portrait requirement.
tokens used
64,462
Done. All six images were generated with the built-in `image_gen` tool, saved in the current directory, and verified with PIL.

- `01.png`: 941x1672
- `02.png`: 941x1672
- `03.png`: 941x1672
- `04.png`: 941x1672
- `05.png`: 941x1672
- `06.png`: 941x1672

All height/width ratios are `1.777`, so they pass the `>= 1.6` portrait requirement.
total 25224
drwxr-xr-x  8 camillehaidar  staff      256 Sep 21 12:17 .
drwxr-xr-x  7 camillehaidar  staff      224 Sep 21 12:06 ..
-rw-r--r--@ 1 camillehaidar  staff  1894428 Sep 21 12:17 01.png
-rw-r--r--@ 1 camillehaidar  staff  2051493 Sep 21 12:17 02.png
-rw-r--r--@ 1 camillehaidar  staff  2295186 Sep 21 12:17 03.png
-rw-r--r--@ 1 camillehaidar  staff  1979571 Sep 21 12:17 04.png
-rw-r--r--@ 1 camillehaidar  staff  2403686 Sep 21 12:17 05.png
-rw-r--r--@ 1 camillehaidar  staff  2280042 Sep 21 12:17 06.png
