All pass the required height/width ratio check: `1.7768 >= 1.6`.
tokens used
52,533
Done. All six images were generated with the built-in `image_gen` tool, saved in the current directory, and verified with PIL. No regenerations were needed.

```text
01.png: 941x1672
02.png: 941x1672
03.png: 941x1672
04.png: 941x1672
05.png: 941x1672
06.png: 941x1672
```

All pass the required height/width ratio check: `1.7768 >= 1.6`.
total 25432
drwxr-xr-x  8 camillehaidar  staff      256 Sep 19 09:28 .
drwxr-xr-x  7 camillehaidar  staff      224 Sep 19 09:25 ..
-rw-r--r--@ 1 camillehaidar  staff  2309799 Sep 19 09:28 01.png
-rw-r--r--@ 1 camillehaidar  staff  2092481 Sep 19 09:28 02.png
-rw-r--r--@ 1 camillehaidar  staff  1971298 Sep 19 09:28 03.png
-rw-r--r--@ 1 camillehaidar  staff  2140978 Sep 19 09:28 04.png
-rw-r--r--@ 1 camillehaidar  staff  2688961 Sep 19 09:28 05.png
-rw-r--r--@ 1 camillehaidar  staff  1810317 Sep 19 09:28 06.png
lena-04 exit 0
